[digitalgraminseva.in/home/index.html]
[backblue.gif]
[fade.gif]
[index.html]
[digitalgraminseva.in/Content/HomePageV3/css/bootstrap.min.css]
[digitalgraminseva.in/Content/HomePageV3/css/aos.css]
[digitalgraminseva.in/Content/HomePageV3/css/owl.carousel.min.css]
[digitalgraminseva.in/Content/HomePageV3/css/style.css]
[digitalgraminseva.in/Content/HomePageV3/css/responsive.css]
[digitalgraminseva.in/home/about_us.html]
[digitalgraminseva.in/home/contact_us.html]
[digitalgraminseva.in/Content/HomePageV3/images/playstore.png]
[digitalgraminseva.in/Content/HomePageV3/images/logo.png]
[digitalgraminseva.in/Content/HomePageV3/images/digital_india.png]
[digitalgraminseva.in/home/login.html]
[digitalgraminseva.in/home/services.html]
[digitalgraminseva.in/home/commission_chart.html]
[digitalgraminseva.in/Content/HomePageV3/images/home/slider1.jpg]
[digitalgraminseva.in/Content/HomePageV3/images/home/slider1-mobile.jpg]
[digitalgraminseva.in/Content/HomePageV3/images/home/slider2.jpg]
[digitalgraminseva.in/Content/HomePageV3/images/home/slider2-mobile.jpg]
[digitalgraminseva.in/Content/HomePageV3/images/home/slider3.jpg]
[digitalgraminseva.in/Content/HomePageV3/images/home/slider3-mobile.jpg]
[digitalgraminseva.in/Content/HomePageV3/images/home/slider4.jpg]
[digitalgraminseva.in/Content/HomePageV3/images/home/slider4-mobile.jpg]
[digitalgraminseva.in/Content/HomePageV3/images/home/banking_service.png]
[digitalgraminseva.in/Content/HomePageV3/images/home/bill_payment.png]
[digitalgraminseva.in/Content/HomePageV3/images/home/government_services.png]
[digitalgraminseva.in/Content/HomePageV3/images/home/company_registration.png]
[digitalgraminseva.in/Content/HomePageV3/images/home/tax_filing_services.png]
[digitalgraminseva.in/Content/HomePageV3/images/home/travel_booking.png]
[digitalgraminseva.in/Content/HomePageV3/images/service-icons/bank.png]
[digitalgraminseva.in/home/account_opening.html]
[digitalgraminseva.in/home/Demat_Account_Opening_Services.html]
[digitalgraminseva.in/home/credit_card_apply.html]
[digitalgraminseva.in/home/loan_apply.html]
[digitalgraminseva.in/home/mini_atm.html]
[digitalgraminseva.in/home/money_transfer.html]
[digitalgraminseva.in/home/cash_deposit.html]
[digitalgraminseva.in/home/mucility_bill.html]
[digitalgraminseva.in/home/aadhar_pay.html]
[digitalgraminseva.in/home/aeps.html]
[digitalgraminseva.in/Content/HomePageV3/images/service-icons/government.png]
[digitalgraminseva.in/home/aadhar_update.html]
[digitalgraminseva.in/home/aadhar_udyog.html]
[digitalgraminseva.in/home/voter_id.html]
[digitalgraminseva.in/home/driving_licence.html]
[digitalgraminseva.in/home/E_Shram_Card_Apply.html]
[digitalgraminseva.in/home/pan_card.html]
[digitalgraminseva.in/home/passport.html]
[digitalgraminseva.in/Content/HomePageV3/images/service-icons/tan-registration.png]
[digitalgraminseva.in/Content/HomePageV3/images/home/service.png]
[digitalgraminseva.in/Content/HomePageV3/images/service-icons/mobile-recharge.png]
[digitalgraminseva.in/home/recharge.html]
[digitalgraminseva.in/home/dth_recharge.html]
[digitalgraminseva.in/home/electrcity_bill.html]
[digitalgraminseva.in/home/water_bill.html]
[digitalgraminseva.in/home/insurance_enrollment.html]
[digitalgraminseva.in/home/lic_bill_payment.html]
[digitalgraminseva.in/Content/HomePageV3/images/service-icons/train-booking.png]
[digitalgraminseva.in/home/irctc.html]
[digitalgraminseva.in/home/bus_booking.html]
[digitalgraminseva.in/home/hotel_booking.html]
[digitalgraminseva.in/home/flight_booking.html]
[digitalgraminseva.in/Content/HomePageV3/images/service-icons/tax.png]
[digitalgraminseva.in/home/gst_registration.html]
[digitalgraminseva.in/Content/HomePageV3/images/home/india.png]
[digitalgraminseva.in/Content/HomePageV3/images/home/correct_icon.png]
[digitalgraminseva.in/Content/HomePageV3/images/home/aadhar-card.png]
[digitalgraminseva.in/Content/HomePageV3/images/home/pan_card.png]
[digitalgraminseva.in/Content/HomePageV3/images/testimonial/1.png]
[digitalgraminseva.in/Content/HomePageV3/images/testimonial/2.png]
[digitalgraminseva.in/Content/HomePageV3/images/testimonial/3.png]
[digitalgraminseva.in/Content/HomePageV3/images/testimonial/4.png]
[digitalgraminseva.in/Content/HomePageV3/images/testimonial/5.png]
[digitalgraminseva.in/Content/HomePageV3/images/testimonial/6.png]
[digitalgraminseva.in/Content/HomePageV3/images/testimonial/7.png]
[digitalgraminseva.in/Content/HomePageV3/images/testimonial/8.png]
[digitalgraminseva.in/Content/HomePageV3/images/testimonial/9.png]
[digitalgraminseva.in/Content/HomePageV3/images/testimonial/10.png]
[digitalgraminseva.in/Content/HomePageV3/images/testimonial/11.png]
[digitalgraminseva.in/Content/HomePageV3/images/testimonial/12.png]
[digitalgraminseva.in/Content/HomePageV3/images/testimonial/13.png]
[digitalgraminseva.in/Content/HomePageV3/images/testimonial/14.png]
[digitalgraminseva.in/Content/HomePageV3/images/testimonial/15.png]
[digitalgraminseva.in/Content/HomePageV3/images/news2.jpg]
[digitalgraminseva.in/Content/HomePageV3/images/news1.jpg]
[digitalgraminseva.in/Content/HomePageV3/images/partner/AEPS.png]
[digitalgraminseva.in/Content/HomePageV3/images/partner/bharat.png]
[digitalgraminseva.in/Content/HomePageV3/images/partner/epfo.png]
[digitalgraminseva.in/Content/HomePageV3/images/partner/fastag.png]
[digitalgraminseva.in/Content/HomePageV3/images/partner/fino-bank.png]
[digitalgraminseva.in/Content/HomePageV3/images/partner/Icici-bank.jpg]
[digitalgraminseva.in/Content/HomePageV3/images/partner/irctc.jpg]
[digitalgraminseva.in/Content/HomePageV3/images/partner/kotak.png]
[digitalgraminseva.in/Content/HomePageV3/images/partner/ministry-corporate.jpg]
[digitalgraminseva.in/Content/HomePageV3/images/partner/MSME.jpg]
[digitalgraminseva.in/Content/HomePageV3/images/partner/NPCI.png]
[digitalgraminseva.in/Content/HomePageV3/images/partner/nsdl-pan.png]
[digitalgraminseva.in/Content/HomePageV3/images/facebook.png]
[digitalgraminseva.in/Content/HomePageV3/images/instagram.png]
[digitalgraminseva.in/Content/HomePageV3/images/twitter.png]
[digitalgraminseva.in/Content/HomePageV3/images/youtube.png]
[digitalgraminseva.in/home/blog.html]
[digitalgraminseva.in/home/documents.html]
[digitalgraminseva.in/home/Refund_policy.html]
[digitalgraminseva.in/home/privacy_policy.html]
[digitalgraminseva.in/home/term_and_condition.html]
[digitalgraminseva.in/Content/HomePageV3/js/jquery-3.6.3.min.js]
[digitalgraminseva.in/Content/HomePageV3/js/bootstrap.bundle.min.js]
[digitalgraminseva.in/Content/HomePageV3/js/owl.carousel.min.js]
[digitalgraminseva.in/Content/HomePageV3/js/main.js]
[digitalgraminseva.in/Content/HomePageV3/js/aos.js]
[digitalgraminseva.in/home/index.html]
[digitalgraminseva.in/home/images/favicon.html]
[digitalgraminseva.in/Content/HomePageV3/css/bootstrap.min.css]
[digitalgraminseva.in/Content/HomePageV3/css/aos.css]
[digitalgraminseva.in/Content/HomePageV3/css/owl.carousel.min.css]
[cdn.jsdelivr.net/npm/bootstrap-icons@1.10.3/font/bootstrap-icons.css]
[digitalgraminseva.in/Content/HomePageV3/images/home/bg1.jpg]
[digitalgraminseva.in/Content/HomePageV3/images/home/background2.jpg]
[digitalgraminseva.in/Content/HomePageV3/images/home/bg.jpg]
[digitalgraminseva.in/Content/HomePageV3/images/home/Background3.jpg]
[digitalgraminseva.in/Content/HomePageV3/css/style.css]
[digitalgraminseva.in/Content/HomePageV3/css/responsive.css]
[www.googletagmanager.com/gtm5445.html]
[digitalgraminseva.in/home/tel_+91-83839-28391.html]
[digitalgraminseva.in/home/mailto_support@digitalgraminseva.html]
[digitalgraminseva.in/home/about_us.html]
[digitalgraminseva.in/Content/HomePageV3/images/contact-us.jpg]
[digitalgraminseva.in/home/contact_us.html]
[digitalgraminseva.in/home/forgotpassword.html]
[digitalgraminseva.in/branding/LoginSliderImage/image1.jpg]
[digitalgraminseva.in/branding/LoginSliderImage/image2.jpg]
[digitalgraminseva.in/branding/LoginSliderImage/image3.jpg]
[digitalgraminseva.in/branding/LoginSliderImage/image4.jpg]
[cdnjs.cloudflare.com/ajax/libs/bootstrap-sweetalert/1.0.1/sweetalert.css]
[cdnjs.cloudflare.com/ajax/libs/bootstrap-sweetalert/1.0.1/sweetalert.js]
[digitalgraminseva.in/Content/CustomScripts/Common.js]
[digitalgraminseva.in/Content/CustomScripts/jquery.alphanum.js]
[digitalgraminseva.in/Content/CustomScripts/Login1.js]
[digitalgraminseva.in/home/login.html]
[digitalgraminseva.in/Content/HomePageV3/images/service-icons/aadhar.png]
[digitalgraminseva.in/Content/HomePageV3/images/service-icons/money-transfer.png]
[digitalgraminseva.in/Content/HomePageV3/images/service-icons/cash-deposit.png]
[digitalgraminseva.in/home/CSP.html]
[digitalgraminseva.in/home/Loan_Apply-2.html]
[digitalgraminseva.in/Content/HomePageV3/images/service-icons/loan.png]
[digitalgraminseva.in/Content/HomePageV3/images/service-icons/mini-atm.png]
[digitalgraminseva.in/Content/HomePageV3/images/service-icons/DTH.png]
[digitalgraminseva.in/Content/HomePageV3/images/service-icons/electrcity-bill.png]
[digitalgraminseva.in/Content/HomePageV3/images/service-icons/water-bill.png]
[digitalgraminseva.in/home/gas_bill_payment.html]
[digitalgraminseva.in/Content/HomePageV3/images/service-icons/gas.png]
[digitalgraminseva.in/home/fastag.html]
[digitalgraminseva.in/Content/HomePageV3/images/service-icons/fastag.png]
[digitalgraminseva.in/Content/HomePageV3/images/service-icons/municipilty.png]
[digitalgraminseva.in/Content/HomePageV3/images/service-icons/insurance.png]
[digitalgraminseva.in/Content/HomePageV3/images/service-icons/lic.png]
[digitalgraminseva.in/Content/HomePageV3/images/service-icons/driving-licence.png]
[digitalgraminseva.in/Content/HomePageV3/images/service-icons/passport.png]
[digitalgraminseva.in/Content/HomePageV3/images/service-icons/voter-id.png]
[digitalgraminseva.in/Content/HomePageV3/images/service-icons/pan-card.png]
[digitalgraminseva.in/Content/HomePageV3/images/service-icons/gst.png]
[digitalgraminseva.in/home/gst_return.html]
[digitalgraminseva.in/home/Gst_Correction.html]
[digitalgraminseva.in/home/tds_return.html]
[digitalgraminseva.in/home/fssai.html]
[digitalgraminseva.in/Content/HomePageV3/images/service-icons/fssai.png]
[digitalgraminseva.in/Content/HomePageV3/images/service-icons/private-limited.png]
[digitalgraminseva.in/home/income_tax_return_filing.html]
[digitalgraminseva.in/Content/HomePageV3/images/service-icons/bus.png]
[digitalgraminseva.in/Content/HomePageV3/images/service-icons/flight.png]
[digitalgraminseva.in/Content/HomePageV3/images/service-icons/hotel.png]
[digitalgraminseva.in/home/services.html]
[digitalgraminseva.in/home/commission_chart.html]
[digitalgraminseva.in/home/account_opening.html]
[digitalgraminseva.in/home/Demat_Account_Opening_Services.html]
[digitalgraminseva.in/home/credit_card_apply.html]
[digitalgraminseva.in/home/loan_apply.html]
[digitalgraminseva.in/home/mini_atm.html]
[digitalgraminseva.in/home/money_transfer.html]
[digitalgraminseva.in/home/cash_deposit.html]
[digitalgraminseva.in/home/mucility_bill.html]
[digitalgraminseva.in/home/aadhar_pay.html]
[digitalgraminseva.in/home/aeps.html]
[digitalgraminseva.in/home/aadhar_update.html]
[digitalgraminseva.in/home/aadhar_udyog.html]
[digitalgraminseva.in/home/voter_id.html]
[digitalgraminseva.in/home/driving_licence.html]
[digitalgraminseva.in/home/E_Shram_Card_Apply.html]
[digitalgraminseva.in/home/pan_card.html]
[digitalgraminseva.in/home/passport.html]
[digitalgraminseva.in/home/recharge.html]
[digitalgraminseva.in/home/dth_recharge.html]
[digitalgraminseva.in/home/electrcity_bill.html]
[digitalgraminseva.in/home/water_bill.html]
[digitalgraminseva.in/home/insurance_enrollment.html]
[digitalgraminseva.in/home/lic_bill_payment.html]
[digitalgraminseva.in/home/irctc.html]
[digitalgraminseva.in/home/bus_booking.html]
[digitalgraminseva.in/home/hotel_booking.html]
[digitalgraminseva.in/home/flight_booking.html]
[digitalgraminseva.in/home/gst_registration.html]
[digitalgraminseva.in/home/blog_digital_india.html]
[digitalgraminseva.in/home/blog_caste_certificate.html]
[digitalgraminseva.in/home/blog_opc_business.html]
[digitalgraminseva.in/home/blog_about_digital_gramin_seva.html]
[digitalgraminseva.in/home/blog_digital_Bharat.html]
[digitalgraminseva.in/home/blog_aeps.html]
[digitalgraminseva.in/home/blog_bbps.html]
[digitalgraminseva.in/home/blog_micro_atm.html]
[digitalgraminseva.in/home/blog_money_transfer.html]
[digitalgraminseva.in/home/blog_pan_card.html]
[digitalgraminseva.in/home/blog_tds.html]
[digitalgraminseva.in/home/blog_gst.html]
[digitalgraminseva.in/home/blog_cash_deposit.html]
[digitalgraminseva.in/home/blog_csp.html]
[digitalgraminseva.in/home/blog_g2c.html]
[digitalgraminseva.in/home/blog_fssai.html]
[digitalgraminseva.in/home/blog.html]
[digitalgraminseva.in/home/documents.html]
[digitalgraminseva.in/home/Refund_policy.html]
[digitalgraminseva.in/home/privacy_policy.html]
[digitalgraminseva.in/home/term_and_condition.html]
[digitalgraminseva.in/Content/HomePageV3/css/owl.video.play.html]
[cdn.jsdelivr.net/npm/bootstrap-icons@1.10.3/font/fonts/bootstrap-iconsbf04.woff2]
[cdn.jsdelivr.net/npm/bootstrap-icons@1.10.3/font/fonts/bootstrap-iconsbf04.woff]
[cdn.jsdelivr.net/npm/bootstrap-icons@1.10.3/font/bootstrap-icons.css]
[digitalgraminseva.in/home/tel_+91-8383928391.html]
[digitalgraminseva.in/Content/CustomScripts/Login.js]
[digitalgraminseva.in/home/forgotpassword.html]
[cdnjs.cloudflare.com/ajax/libs/bootstrap-sweetalert/1.0.1/sweetalert.css]
[digitalgraminseva.in/home/CSP.html]
[digitalgraminseva.in/home/Loan_Apply-2.html]
[digitalgraminseva.in/home/gas_bill_payment.html]
[digitalgraminseva.in/home/fastag.html]
[digitalgraminseva.in/home/voter_id_correction.html]
[digitalgraminseva.in/home/pan_card_nsdl.html]
[digitalgraminseva.in/home/gst_return.html]
[digitalgraminseva.in/home/Gst_Correction.html]
[digitalgraminseva.in/home/tds_return.html]
[digitalgraminseva.in/home/fssai.html]
[digitalgraminseva.in/home/income_tax_return_filing.html]
[digitalgraminseva.in/Content/HomePageV3/images/services/bank-account.html]
[digitalgraminseva.in/Content/HomePageV3/images/services/demat-account-opening.html]
[digitalgraminseva.in/Content/HomePageV3/images/services/credit-card.html]
[digitalgraminseva.in/Content/HomePageV3/images/services/loan-apply.html]
[digitalgraminseva.in/Content/HomePageV3/images/services/micro-atm.html]
[digitalgraminseva.in/Content/HomePageV3/images/services/money-transfer.html]
[digitalgraminseva.in/Content/HomePageV3/images/services/cash-deposit.html]
[digitalgraminseva.in/Content/HomePageV3/images/services/bbps.html]
[digitalgraminseva.in/Content/HomePageV3/images/services/aadhar-pay.html]
[digitalgraminseva.in/Content/HomePageV3/images/services/aeps.html]
[digitalgraminseva.in/Content/HomePageV3/images/services/aadhar-update.html]
[digitalgraminseva.in/Content/HomePageV3/images/services/voter-id.html]
[digitalgraminseva.in/Content/HomePageV3/images/services/driving-licence.html]
[digitalgraminseva.in/Content/HomePageV3/images/services/e-shram.html]
[digitalgraminseva.in/Content/HomePageV3/images/services/pan-card-uti.html]
[digitalgraminseva.in/Content/HomePageV3/images/services/passport.html]
[digitalgraminseva.in/Content/HomePageV3/images/services/mobile-dth-recharge.html]
[digitalgraminseva.in/Content/HomePageV3/images/services/lic.html]
[digitalgraminseva.in/Content/HomePageV3/images/services/travel-booking.html]
[digitalgraminseva.in/Content/HomePageV3/images/services/gst.html]
[digitalgraminseva.in/Content/HomePageV2/images/blog/New/Digital India/1900x500.png]
[digitalgraminseva.in/home/blog_digital_india.html]
[digitalgraminseva.in/home/blog_caste_certificate.html]
[digitalgraminseva.in/home/blog_opc_business.html]
[digitalgraminseva.in/Content/HomePageV2/images/blog/new/Digital Gramin Seva/1900x500.png]
[digitalgraminseva.in/home/blog_about_digital_gramin_seva.html]
[digitalgraminseva.in/Content/HomePageV2/images/blog/New/Digital Bharat/1900x500.png]
[digitalgraminseva.in/home/blog_digital_Bharat.html]
[digitalgraminseva.in/Content/HomePageV2/images/blog/aeps-banner.jpg]
[digitalgraminseva.in/Content/HomePageV2/images/blog/aeps-commission.png]
[digitalgraminseva.in/home/blog_aeps.html]
[digitalgraminseva.in/Content/HomePageV2/images/blog/bbps-banner.jpg]
[digitalgraminseva.in/home/blog_bbps.html]
[digitalgraminseva.in/Content/HomePageV2/images/blog/microatm-banner.jpg]
[digitalgraminseva.in/home/blog_micro_atm.html]
[digitalgraminseva.in/Content/HomePageV2/images/blog/money-transfer-banner.jpg]
[digitalgraminseva.in/Content/HomePageV2/images/blog/registration-click.png]
[digitalgraminseva.in/Content/HomePageV2/images/blog/registraion-2.jpg]
[digitalgraminseva.in/Content/HomePageV2/images/blog/after-sign-up.png]
[digitalgraminseva.in/home/blog_money_transfer.html]
[digitalgraminseva.in/Content/HomePageV2/images/blog/pancard-banner.jpg]
[digitalgraminseva.in/home/blog_pan_card.html]
[digitalgraminseva.in/Content/HomePageV2/images/blog/tds-banner.jpg]
[digitalgraminseva.in/home/blog_tds.html]
[digitalgraminseva.in/Content/HomePageV2/images/blog/gst-banner.jpg]
[digitalgraminseva.in/home/blog_gst.html]
[digitalgraminseva.in/Content/HomePageV2/images/blog/cash-deposit-banner.jpg]
[digitalgraminseva.in/home/blog_cash_deposit.html]
[digitalgraminseva.in/Content/HomePageV2/images/blog/csp-banner.jpg]
[digitalgraminseva.in/home/blog_csp.html]
[digitalgraminseva.in/Content/HomePageV2/images/blog/g2c-banner.png]
[digitalgraminseva.in/home/blog_g2c.html]
[digitalgraminseva.in/Content/HomePageV2/images/blog/fssai-banner.png]
[digitalgraminseva.in/home/blog_fssai.html]
[digitalgraminseva.in/Content/HomePageV3/images/slide-login-1.html]
[digitalgraminseva.in/Content/HomePageV3/images/slide-login-2.html]
[digitalgraminseva.in/Content/HomePageV3/images/slide-login-3.html]
[digitalgraminseva.in/Content/HomePageV3/images/slide-login-4.html]
[digitalgraminseva.in/Content/HomePageV3/images/services/csp.html]
[digitalgraminseva.in/Content/HomePageV3/images/services/gst-correction.html]
[digitalgraminseva.in/Content/HomePageV2/images/blog/commission_chart.html]
