[codegraphi.com/index.html]
[codegraphi.com/assets/img/logo.png]
[codegraphi.com/assets/css/bootstrap.min.css]
[codegraphi.com/assets/css/bootstrap-icons.css]
[codegraphi.com/assets/css/all.min.css]
[codegraphi.com/assets/css/fontawesome.min.css]
[codegraphi.com/assets/css/swiper-bundle.min.css]
[codegraphi.com/assets/css/magnific-popup.css]
[codegraphi.com/assets/css/animate.min.css]
[backblue.gif]
[fade.gif]
[index.html]
[codegraphi.com/assets/css/style.css]
[codegraphi.com/index-2.html]
[codegraphi.com/about.html]
[codegraphi.com/service.html]
[codegraphi.com/contact.html]
[codegraphi.com/assets/img/hero-vector.png]
[codegraphi.com/assets/img/about-baner-1.jpg]
[codegraphi.com/assets/img/about-baner-2.jpg]
[codegraphi.com/assets/img/icons/feature-icon-1.png]
[codegraphi.com/assets/img/icons/feature-icon-2.png]
[codegraphi.com/assets/img/icons/feature-icon-3.png]
[codegraphi.com/assets/img/icons/feature-icon-4.png]
[codegraphi.com/assets/img/icons/website development.png]
[codegraphi.com/service-details.html]
[codegraphi.com/assets/img/icons/payment-gateway.png]
[codegraphi.com/assets/img/icons/ui-ux.png]
[codegraphi.com/assets/img/icons/coding.png]
[codegraphi.com/assets/img/icons/mobile-development.png]
[codegraphi.com/assets/img/icons/crm.png]
[codegraphi.com/assets/img/icons/seo (1).png]
[codegraphi.com/assets/img/icons/social-media-marketing.png]
[codegraphi.com/project.html]
[codegraphi.com/assets/img/ecommerce.jpg]
[codegraphi.com/assets/img/ecommerce1.jpg]
[codegraphi.com/project-details.html]
[codegraphi.com/assets/img/insurance.jpg]
[codegraphi.com/assets/img/blogg.jpg]
[codegraphi.com/assets/img/portfolio.jpg]
[codegraphi.com/assets/img/game.jpg]
[codegraphi.com/assets/img/icons/html.png]
[codegraphi.com/assets/img/icons/python.png]
[codegraphi.com/assets/img/icons/wordpress (2).png]
[codegraphi.com/assets/img/icons/php.png]
[codegraphi.com/assets/img/icons/java.png]
[codegraphi.com/assets/img/reivewer.jpg]
[codegraphi.com/assets/img/reivewer-1.jpg]
[codegraphi.in/wp-content/uploads/2023/09/codeg1-1-768x384.png]
[codegraphi.in/wp-content/uploads/2023/08/codeg1-2-768x384.jpg]
[codegraphi.in/wp-content/uploads/2023/10/UX-design-blog-768x384.png]
[codegraphi.com/privacy policy.html]
[codegraphi.com/terms & conditions.html]
[codegraphi.com/Refund policy.html]
[codegraphi.com/cancelation policy.html]
[codegraphi.com/cdn-cgi/scripts/5c5dd728/cloudflare-static/email-decode.min.js]
[codegraphi.com/assets/js/jquery-3.6.0.min.js]
[codegraphi.com/assets/js/popper.min.js]
[codegraphi.com/assets/js/bootstrap.min.js]
[codegraphi.com/assets/js/swiper-bundle.min.js]
[codegraphi.com/assets/js/waypoints.min.js]
[codegraphi.com/assets/js/jquery.counterup.min.js]
[codegraphi.com/assets/js/isotope.pkgd.min.js]
[codegraphi.com/assets/js/jquery.magnific-popup.min.js]
[codegraphi.com/assets/js/wow.min.js]
[codegraphi.com/assets/js/particles.min.js]
[codegraphi.com/assets/js/app.js]
[codegraphi.com/index.html]
[codegraphi.com/assets/js/custom.js]
[codegraphi.com/assets/css/bootstrap.min.css]
[codegraphi.com/assets/webfonts/bootstrap-iconsbe27be27.woff2]
[codegraphi.com/assets/webfonts/bootstrap-iconsbe27be27.woff]
[codegraphi.com/assets/css/bootstrap-icons.css]
[codegraphi.com/assets/webfonts/fa-brands-400.eot]
[codegraphi.com/assets/webfonts/fa-brands-400d41dd41d.eot]
[codegraphi.com/assets/webfonts/fa-brands-400.woff2]
[codegraphi.com/assets/webfonts/fa-brands-400.woff]
[codegraphi.com/assets/webfonts/fa-brands-400.ttf]
[codegraphi.com/assets/webfonts/fa-brands-400.svg]
[codegraphi.com/assets/webfonts/fa-regular-400.eot]
[codegraphi.com/assets/webfonts/fa-regular-400d41dd41d.eot]
[codegraphi.com/assets/webfonts/fa-regular-400.woff2]
[codegraphi.com/assets/webfonts/fa-regular-400.woff]
[codegraphi.com/assets/webfonts/fa-regular-400.ttf]
[codegraphi.com/assets/webfonts/fa-regular-400.svg]
[codegraphi.com/assets/webfonts/fa-solid-900.eot]
[codegraphi.com/assets/webfonts/fa-solid-900d41dd41d.eot]
[codegraphi.com/assets/webfonts/fa-solid-900.woff2]
[codegraphi.com/assets/webfonts/fa-solid-900.woff]
[codegraphi.com/assets/webfonts/fa-solid-900.ttf]
[codegraphi.com/assets/css/all.min.css]
[codegraphi.com/assets/css/fontawesome.min.css]
[codegraphi.com/assets/css/swiper-bundle.min.css]
[codegraphi.com/assets/css/magnific-popup.css]
[codegraphi.com/assets/css/animate.min.css]
[codegraphi.com/assets/webfonts/fa-solid-900.svg]
[codegraphi.com/assets/img/breadcrumb-bg.jpg]
[codegraphi.com/assets/img/bg.png]
[codegraphi.com/assets/img/feature-bg.png]
[codegraphi.com/assets/img/subscribe-bg.png]
[codegraphi.com/assets/img/footer-bg.png]
[codegraphi.com/assets/img/black-concrete-textured.png]
[codegraphi.com/assets/img/error-bg.png]
[codegraphi.com/assets/img/widget-content-bg.png]
[codegraphi.com/assets/css/style.css]
[codegraphi.com/index-2.html]
[codegraphi.com/assets/img/breadcrumb-video.jpg]
[codegraphi.com/assets/img/why-1.jpg]
[codegraphi.com/assets/img/why-2.jpg]
[codegraphi.com/assets/img/why-3.jpg]
[codegraphi.com/assets/img/timeline-1.jpg]
[codegraphi.com/assets/img/timeline-2.jpg]
[codegraphi.com/assets/img/timeline-3.jpg]
[codegraphi.com/about.html]
[codegraphi.com/assets/img/icons/devops.png]
[codegraphi.com/assets/img/icons/illustration.png]
[codegraphi.com/assets/img/icons/social-media.png]
[codegraphi.com/service.html]
[www.codegraphi.com/assets/img/favicon.66.delayed]
[codegraphi.com/contact.html]
[codegraphi.com/assets/img/call-center.png]
[codegraphi.com/assets/img/blog/blog-thumnail.jpg]
[codegraphi.com/assets/img/icons/service-details-icon.png]
[codegraphi.com/assets/img/widget-banner-bg.jpg]
[codegraphi.com/assets/img/arrow-angle.png]
[codegraphi.com/assets/img/blog/thumb-1.jpg]
[codegraphi.com/assets/img/blog/thumb-2.jpg]
[codegraphi.com/service-details.html]
[codegraphi.com/assets/img/blog/thumb-3.jpg]
[codegraphi.com/project.html]
[codegraphi.com/project-details.html]
[codegraphi.com/privacy policy.html]
[codegraphi.com/terms & conditions.html]
[codegraphi.com/Refund policy.html]
[codegraphi.com/cancelation policy.html]
[codegraphi.com/cdn-cgi/scripts/5c5dd728/cloudflare-static/email-decode.min.html]
[codegraphi.com/assets/js/jquery-3.6.0.min.js]
[codegraphi.com/assets/js/popper.min.js]
[codegraphi.com/assets/js/bootstrap.min.js]
[codegraphi.com/assets/js/swiper-bundle.min.js]
[codegraphi.com/assets/js/waypoints.min.js]
[codegraphi.com/assets/js/jquery.counterup.min.js]
[codegraphi.com/assets/js/isotope.pkgd.min.js]
[codegraphi.com/assets/js/jquery.magnific-popup.min.js]
[codegraphi.com/assets/js/wow.min.js]
[codegraphi.com/GET]
[codegraphi.com/Error pJS - No image.src]
[codegraphi.com/assets/js/particles.min.js]
[codegraphi.com/assets/js/app.js]
[codegraphi.com/assets/js/custom.js]
[codegraphi.com/assets/webfonts/fa-brands-400.svg]
[codegraphi.com/assets/webfonts/fa-regular-400.svg]
[codegraphi.com/assets/webfonts/fa-solid-900.svg]
[www.codegraphi.com/assets/img/favicon.html]
[codegraphi.com/GET.html]
[codegraphi.com/Error pJS - No image.html]
